#-----------------------------------------------------------
# Webtalk v2017.4 (64-bit)
# SW Build 2086221 on Fri Dec 15 20:55:39 MST 2017
# IP Build 2085800 on Fri Dec 15 22:25:07 MST 2017
# Start of session at: Mon Apr 27 23:25:59 2026
# Process ID: 25756
# Current directory: E:/Github_Projects/Vivado_Projects/Easy_-_Parameterized_Synchronous_FIFO/Easy_-_Parameterized_Synchronous_FIFO.sim/sim_1/behav/xsim
# Command line: wbtcv.exe -mode batch -source E:/Github_Projects/Vivado_Projects/Easy_-_Parameterized_Synchronous_FIFO/Easy_-_Parameterized_Synchronous_FIFO.sim/sim_1/behav/xsim/xsim.dir/tb_sync_fifo_behav/webtalk/xsim_webtalk.tcl -notrace
# Log file: E:/Github_Projects/Vivado_Projects/Easy_-_Parameterized_Synchronous_FIFO/Easy_-_Parameterized_Synchronous_FIFO.sim/sim_1/behav/xsim/webtalk.log
# Journal file: E:/Github_Projects/Vivado_Projects/Easy_-_Parameterized_Synchronous_FIFO/Easy_-_Parameterized_Synchronous_FIFO.sim/sim_1/behav/xsim\webtalk.jou
#-----------------------------------------------------------
source E:/Github_Projects/Vivado_Projects/Easy_-_Parameterized_Synchronous_FIFO/Easy_-_Parameterized_Synchronous_FIFO.sim/sim_1/behav/xsim/xsim.dir/tb_sync_fifo_behav/webtalk/xsim_webtalk.tcl -notrace
